------------------------------------------------------------
Timing Analyzer Summary
------------------------------------------------------------

Type  : Slow 1100mV 85C Model Setup 'CLK_50'
Slack : 11.381
TNS   : 0.000

Type  : Slow 1100mV 85C Model Hold 'CLK_50'
Slack : 0.370
TNS   : 0.000

Type  : Slow 1100mV 85C Model Minimum Pulse Width 'CLK_50'
Slack : 8.870
TNS   : 0.000

Type  : Slow 1100mV 0C Model Setup 'CLK_50'
Slack : 11.475
TNS   : 0.000

Type  : Slow 1100mV 0C Model Hold 'CLK_50'
Slack : 0.367
TNS   : 0.000

Type  : Slow 1100mV 0C Model Minimum Pulse Width 'CLK_50'
Slack : 8.810
TNS   : 0.000

Type  : Fast 1100mV 85C Model Setup 'CLK_50'
Slack : 14.769
TNS   : 0.000

Type  : Fast 1100mV 85C Model Hold 'CLK_50'
Slack : 0.178
TNS   : 0.000

Type  : Fast 1100mV 85C Model Minimum Pulse Width 'CLK_50'
Slack : 8.786
TNS   : 0.000

Type  : Fast 1100mV 0C Model Setup 'CLK_50'
Slack : 15.276
TNS   : 0.000

Type  : Fast 1100mV 0C Model Hold 'CLK_50'
Slack : 0.170
TNS   : 0.000

Type  : Fast 1100mV 0C Model Minimum Pulse Width 'CLK_50'
Slack : 8.781
TNS   : 0.000

------------------------------------------------------------
